// Jest Snapshot v1, https://goo.gl/fbAQLP

exports[`div color replace 1`] = `
[
  <div
    style={
      {
        "color": "blue",
        "padding": "3px",
      }
    }
  >
     :
     
    <div
      style={
        {
          "border": "1px solid black",
          "color": "blue",
          "display": "inline-block",
          "padding": "3px",
        }
      }
    >
      Label Me
    </div>
    <div
      style={
        {
          "color": "blue",
          "padding": "3px",
        }
      }
    >
      <div
        style={
          {
            "color": "blue",
            "padding": "3px",
          }
        }
      >
         :
         
        <div
          style={
            {
              "border": "1px solid black",
              "color": "blue",
              "display": "inline-block",
              "padding": "3px",
            }
          }
        >
          Label Me
        </div>
        <div
          style={
            {
              "color": "blue",
              "padding": "3px",
            }
          }
        />
      </div>
    </div>
  </div>,
  <div
    style={
      {
        "color": "blue",
        "padding": "3px",
      }
    }
  >
     :
     
    <div
      style={
        {
          "border": "1px solid black",
          "color": "blue",
          "display": "inline-block",
          "padding": "3px",
        }
      }
    >
      Label Me
    </div>
    <div
      style={
        {
          "color": "blue",
          "padding": "3px",
        }
      }
    />
  </div>,
]
`;
